[0m[1m[38;5;9merror[0m[1m: User attributes are not supported[0m
  [0m[34mâ”Œâ”€[0m test/files/invalid/custom_attributes.fbs:1:11
  [0m[34mâ”‚[0m
[0m[34m1[0m [0m[34mâ”‚[0m attribute [0m[31m"priority"[0m;
  [0m[34mâ”‚[0m           [0m[31m^^^^^^^^^^[0m

Error: Bailing because of errors
