[0m[1m[38;5;9merror[0m[1m: unrecognized token `integer literal "7"`, expected one of string[0m
  [0m[34mâ”Œâ”€[0m test/files/invalid/include_integer.fbs:1:9
  [0m[34mâ”‚[0m
[0m[34m1[0m [0m[34mâ”‚[0m include [0m[31m7[0m;
  [0m[34mâ”‚[0m         [0m[31m^[0m

Error: Bailing because of errors
