[0m[1m[38;5;9merror[0m[1m: [0m
  [0m[34mâ”Œâ”€[0m test/files/invalid/monster_test.fbs:3:28
  [0m[34mâ”‚[0m
[0m[34m3[0m [0m[34mâ”‚[0m include "include_test1.fbs"[0m[31mx[0m;
  [0m[34mâ”‚[0m                            [0m[31m^[0m [0m[31munrecognized token `identifier "x"`, expected one of "(", ")", ",", ";", "]", "}"[0m

[0m[1m[38;5;9merror[0m[1m: [0m
   [0m[34mâ”Œâ”€[0m test/files/invalid/monster_test.fbs:54:15
   [0m[34mâ”‚[0m
[0m[34m54[0m [0m[34mâ”‚[0m struct Ability[0m[31m:[0m foo {
   [0m[34mâ”‚[0m               [0m[31m^[0m [0m[31munrecognized token `:`, expected one of "(", "{"[0m

[0m[1m[38;5;9merror[0m[1m: [0m
    [0m[34mâ”Œâ”€[0m test/files/invalid/monster_test.fbs:144:30
    [0m[34mâ”‚[0m
[0m[34m144[0m [0m[34mâ”‚[0m rpc_service MonsterStorage { [0m[31m&[0m
    [0m[34mâ”‚[0m                              [0m[31m^[0m [0m[31m"Unknown token &"[0m

Error: Bailing because of errors
