[0m[1m[38;5;9merror[0m[1m: Cannot set namespace twice[0m
   [0m[34mâ”Œâ”€[0m test/files/invalid/namespace_test2.fbs:3:1
   [0m[34mâ”‚[0m
[0m[34m 3[0m [0m[34mâ”‚[0m namespace NamespaceA;
   [0m[34mâ”‚[0m [0m[34m---------------------[0m [0m[34mfirst declaration was here[0m
   [0m[34mÂ·[0m
[0m[34m14[0m [0m[34mâ”‚[0m namespace NamespaceC;
   [0m[34mâ”‚[0m [0m[34m---------------------[0m [0m[34madditional declaration was here[0m

[0m[1m[38;5;9merror[0m[1m: Cannot set namespace twice[0m
   [0m[34mâ”Œâ”€[0m test/files/invalid/namespace_test2.fbs:3:1
   [0m[34mâ”‚[0m
[0m[34m 3[0m [0m[34mâ”‚[0m namespace NamespaceA;
   [0m[34mâ”‚[0m [0m[34m---------------------[0m [0m[34mfirst declaration was here[0m
   [0m[34mÂ·[0m
[0m[34m21[0m [0m[34mâ”‚[0m namespace NamespaceA;
   [0m[34mâ”‚[0m [0m[34m---------------------[0m [0m[34madditional declaration was here[0m

[0m[1m[38;5;9merror[0m[1m: Could not read file "test/files/invalid/namespace_test1.fbs": Os { code: 2, kind: NotFound, message: "No such file or directory" }[0m

[0m[1m[38;5;9merror[0m[1m: [0m
  [0m[34mâ”Œâ”€[0m test/files/invalid/namespace_test2.fbs:7:15
  [0m[34mâ”‚[0m
[0m[34m7[0m [0m[34mâ”‚[0m     foo_table:[0m[31mNamespaceB.TableInNestedNS[0m;
  [0m[34mâ”‚[0m               [0m[31m^^^^^^^^^^^^^^^^^^^^^^^^^^[0m [0m[31mUnknown type[0m

[0m[1m[38;5;9merror[0m[1m: [0m
  [0m[34mâ”Œâ”€[0m test/files/invalid/namespace_test2.fbs:8:11
  [0m[34mâ”‚[0m
[0m[34m8[0m [0m[34mâ”‚[0m     foo_enum:[0m[31mNamespaceB.EnumInNestedNS[0m;
  [0m[34mâ”‚[0m              [0m[31m^^^^^^^^^^^^^^^^^^^^^^^^^[0m [0m[31mUnknown type[0m

[0m[1m[38;5;9merror[0m[1m: [0m
  [0m[34mâ”Œâ”€[0m test/files/invalid/namespace_test2.fbs:9:15
  [0m[34mâ”‚[0m
[0m[34m9[0m [0m[34mâ”‚[0m     foo_union:[0m[31mNamespaceB.UnionInNestedNS[0m;
  [0m[34mâ”‚[0m               [0m[31m^^^^^^^^^^^^^^^^^^^^^^^^^^[0m [0m[31mUnknown type[0m

[0m[1m[38;5;9merror[0m[1m: [0m
   [0m[34mâ”Œâ”€[0m test/files/invalid/namespace_test2.fbs:10:13
   [0m[34mâ”‚[0m
[0m[34m10[0m [0m[34mâ”‚[0m     foo_struct:[0m[31mNamespaceB.StructInNestedNS[0m;
   [0m[34mâ”‚[0m                [0m[31m^^^^^^^^^^^^^^^^^^^^^^^^^^^[0m [0m[31mUnknown type[0m

[0m[1m[38;5;9merror[0m[1m: [0m
   [0m[34mâ”Œâ”€[0m test/files/invalid/namespace_test2.fbs:24:16
   [0m[34mâ”‚[0m
[0m[34m24[0m [0m[34mâ”‚[0m     refer_to_c:[0m[31mNamespaceC.TableInC[0m;
   [0m[34mâ”‚[0m                [0m[31m^^^^^^^^^^^^^^^^^^^[0m [0m[31mUnknown type[0m

Error: Bailing because of errors
