[0m[1m[38;5;9merror[0m[1m: Cannot set namespace twice[0m
  [0m[34mâ”Œâ”€[0m test/files/invalid/namespace_twice.fbs:1:1
  [0m[34mâ”‚[0m
[0m[34m1[0m [0m[34mâ”‚[0m namespace A;
  [0m[34mâ”‚[0m [0m[34m------------[0m [0m[34mfirst declaration was here[0m
[0m[34m2[0m [0m[34mâ”‚[0m namespace B;
  [0m[34mâ”‚[0m [0m[34m------------[0m [0m[34madditional declaration was here[0m

Error: Bailing because of errors
