[0m[1m[38;5;9merror[0m[1m: Cannot have namespace declaration after the first type declaration[0m
  [0m[34mâ”Œâ”€[0m test/files/invalid/order.fbs:1:1
  [0m[34mâ”‚[0m
[0m[34m1[0m [0m[34mâ”‚[0m struct X {}
  [0m[34mâ”‚[0m [0m[34m-----------[0m [0m[34mtype declaration was here[0m
[0m[34m2[0m [0m[34mâ”‚[0m 
[0m[34m3[0m [0m[34mâ”‚[0m namespace Foo;
  [0m[34mâ”‚[0m [0m[34m--------------[0m [0m[34mnamespace declaration was here[0m

Error: Bailing because of errors
