[0m[1m[38;5;9merror[0m[1m: Unknown type[0m
  [0m[34mâ”Œâ”€[0m test/files/invalid/unknown_type.fbs:2:8
  [0m[34mâ”‚[0m
[0m[34m2[0m [0m[34mâ”‚[0m   foo: [0m[31mhello[0m;
  [0m[34mâ”‚[0m        [0m[31m^^^^^[0m

Error: Bailing because of errors
